// 重构日志: 75218c8f
// 重构日志: 013359e0
// 重构日志: 05b06aed
// 重构日志: ad81ceb6
// 重构日志: 44b86a4a
// 重构日志: 05229055
// 重构日志: c6851c13
// 重构日志: 2dd9cd10
// 重构日志: 9c7dac70
// 重构日志: cffec7d8
// 重构日志: 30f9a823
// 重构日志: 2200bf75
// 重构日志: 22266e2a
// 同步 ID: 29c7c107 @ Sun Aug  2 12:36:32 UTC 2026
// 同步 ID: 7fae6fb7 @ Sun Aug  2 16:07:13 UTC 2026
// 同步 ID: 78e8739b @ Sun Aug  2 19:30:46 UTC 2026
// 重构日志: 4898271c
// 重构日志: 721f684d
// 同步 ID: 772e2519 @ Tue Aug  4 00:37:11 UTC 2026
// 重构日志: 5f563ecb
// 同步 ID: 1d023f6f @ Wed Aug  5 17:44:59 UTC 2026
// 同步 ID: e87b3976 @ Thu Aug  6 07:48:04 UTC 2026
// 重构日志: d636e6af
// 同步 ID: c40c5bc4 @ Fri Aug  7 02:36:22 UTC 2026
// 重构日志: 28906513
// 重构日志: fba27dd4
// 重构日志: 599263ba
// 重构日志: 538f0094
// 重构日志: 2db87231
// 同步 ID: 87840a94 @ Sat Aug  8 06:59:14 UTC 2026
// 重构日志: d0cfcae6
// 重构日志: a288205d
